[cleanuitemplate.com/package/livepreview/index_material.html]
[backblue.gif]
[fade.gif]
[index.html]
[cleanuitemplate.com/package/assets/common/img/favicon.144x144.png]
[cleanuitemplate.com/package/assets/common/img/favicon.114x114.png]
[cleanuitemplate.com/package/assets/common/img/favicon.72x72.png]
[cleanuitemplate.com/package/assets/common/img/favicon.57x57.png]
[cleanuitemplate.com/package/assets/common/img/favicon.png]
[cleanuitemplate.com/package/assets/vendors/bootstrap/dist/css/bootstrap.min.css]
[cleanuitemplate.com/package/assets/vendors/jscrollpane/style/jquery.jscrollpane.css]
[cleanuitemplate.com/package/assets/vendors/ladda/dist/ladda-themeless.min.css]
[cleanuitemplate.com/package/assets/vendors/select2/dist/css/select2.min.css]
[cleanuitemplate.com/package/assets/vendors/eonasdan-bootstrap-datetimepicker/build/css/bootstrap-datetimepicker.min.css]
[cleanuitemplate.com/package/assets/vendors/fullcalendar/dist/fullcalendar.min.css]
[cleanuitemplate.com/package/assets/vendors/cleanhtmlaudioplayer/src/player.css]
[cleanuitemplate.com/package/assets/vendors/cleanhtmlvideoplayer/src/player.css]
[cleanuitemplate.com/package/assets/vendors/bootstrap-sweetalert/dist/sweetalert.css]
[cleanuitemplate.com/package/assets/vendors/summernote/dist/summernote.css]
[cleanuitemplate.com/package/assets/vendors/owl.carousel/dist/assets/owl.carousel.min.css]
[cleanuitemplate.com/package/assets/vendors/ionrangeslider/css/ion.rangeSlider.css]
[cleanuitemplate.com/package/assets/vendors/datatables/media/css/dataTables.bootstrap4.min.css]
[cleanuitemplate.com/package/assets/vendors/c3/c3.min.css]
[cleanuitemplate.com/package/assets/vendors/chartist/dist/chartist.min.css]
[cleanuitemplate.com/package/assets/vendors/nprogress/nprogress.css]
[cleanuitemplate.com/package/assets/vendors/jquery-steps/demo/css/jquery.steps.css]
[cleanuitemplate.com/package/assets/vendors/bootstrap-select/dist/css/bootstrap-select.min.css]
[cleanuitemplate.com/package/assets/vendors/dropify/dist/css/dropify.min.css]
[cleanuitemplate.com/package/assets/common/css/source/main.css]
[cleanuitemplate.com/package/assets/vendors/jquery/jquery.min.js]
[cleanuitemplate.com/package/assets/vendors/tether/dist/js/tether.min.js]
[cleanuitemplate.com/package/assets/vendors/jquery-mousewheel/jquery.mousewheel.min.js]
[cleanuitemplate.com/package/assets/vendors/bootstrap/dist/js/bootstrap.min.js]
[cleanuitemplate.com/package/assets/vendors/jscrollpane/script/jquery.jscrollpane.min.js]
[cleanuitemplate.com/package/assets/vendors/spin.js/spin.js]
[cleanuitemplate.com/package/assets/vendors/ladda/dist/ladda.min.js]
[cleanuitemplate.com/package/assets/vendors/select2/dist/js/select2.full.min.js]
[cleanuitemplate.com/package/assets/vendors/html5-form-validation/dist/jquery.validation.min.js]
[cleanuitemplate.com/package/assets/vendors/jquery-mask-plugin/dist/jquery.mask.min.js]
[cleanuitemplate.com/package/assets/vendors/jquery-typeahead/dist/jquery.typeahead.min.js]
[cleanuitemplate.com/package/assets/vendors/autosize/dist/autosize.min.js]
[cleanuitemplate.com/package/assets/vendors/bootstrap-show-password/bootstrap-show-password.min.js]
[cleanuitemplate.com/package/assets/vendors/moment/min/moment.min.js]
[cleanuitemplate.com/package/assets/vendors/eonasdan-bootstrap-datetimepicker/build/js/bootstrap-datetimepicker.min.js]
[cleanuitemplate.com/package/assets/vendors/bootstrap-sweetalert/dist/sweetalert.min.js]
[cleanuitemplate.com/package/assets/vendors/fullcalendar/dist/fullcalendar.min.js]
[cleanuitemplate.com/package/assets/vendors/remarkable-bootstrap-notify/dist/bootstrap-notify.min.js]
[cleanuitemplate.com/package/assets/vendors/cleanhtmlaudioplayer/src/jquery.cleanaudioplayer.js]
[cleanuitemplate.com/package/assets/vendors/cleanhtmlvideoplayer/src/jquery.cleanvideoplayer.js]
[cleanuitemplate.com/package/assets/vendors/ionrangeslider/js/ion.rangeSlider.min.js]
[cleanuitemplate.com/package/assets/vendors/owl.carousel/dist/owl.carousel.min.js]
[cleanuitemplate.com/package/assets/vendors/summernote/dist/summernote.min.js]
[cleanuitemplate.com/package/assets/vendors/nestable/jquery.nestable.js]
[cleanuitemplate.com/package/assets/vendors/datatables/media/js/dataTables.bootstrap4.min.js]
[cleanuitemplate.com/package/assets/vendors/editable-table/mindmup-editabletable.js]
[cleanuitemplate.com/package/assets/vendors/datatables/media/js/jquery.dataTables.min.js]
[cleanuitemplate.com/package/assets/vendors/datatables-fixedcolumns/js/dataTables.fixedColumns.js]
[cleanuitemplate.com/package/assets/vendors/datatables-responsive/js/dataTables.responsive.js]
[cleanuitemplate.com/package/assets/vendors/peity/jquery.peity.min.js]
[cleanuitemplate.com/package/assets/vendors/chartist-plugin-tooltip/dist/chartist-plugin-tooltip.min.js]
[cleanuitemplate.com/package/assets/vendors/chartist/dist/chartist.min.js]
[cleanuitemplate.com/package/assets/vendors/hackertyper/hackertyper.js]
[cleanuitemplate.com/package/assets/vendors/jquery-countTo/jquery.countTo.js]
[cleanuitemplate.com/package/assets/vendors/nprogress/nprogress.js]
[cleanuitemplate.com/package/assets/vendors/c3/c3.min.js]
[cleanuitemplate.com/package/assets/vendors/d3/d3.min.js]
[cleanuitemplate.com/package/assets/vendors/jquery-steps/build/jquery.steps.min.js]
[cleanuitemplate.com/package/assets/vendors/gsap/src/minified/TweenMax.min.js]
[cleanuitemplate.com/package/assets/vendors/bootstrap-select/dist/js/bootstrap-select.min.js]
[cleanuitemplate.com/package/assets/vendors/dropify/dist/js/dropify.min.js]
[cleanuitemplate.com/package/assets/vendors/angular-route/angular-route.min.js]
[cleanuitemplate.com/package/assets/common/js/version_angular/app.js]
[cleanuitemplate.com/package/livepreview/pages/register.ctrl.js]
[cleanuitemplate.com/package/livepreview/pages/login.ctrl.js]
[cleanuitemplate.com/package/livepreview/pages/lockscreen.ctrl.js]
[cleanuitemplate.com/package/assets/common/js/common.js]
[cleanuitemplate.com/package/assets/common/js/demo.temp.js]
[cleanuitemplate.com/package/assets/common/img/logo.png]
[cleanuitemplate.com/package/assets/common/img/logo-inverse.png]
[cleanuitemplate.com/package/assets/common/img/temp/avatars/1.jpg]
[cleanuitemplate.com/package/assets/vendors/angular/angular.min.js]
[cleanuitemplate.com/package/assets/vendors/chart.js/src/Chart.bundle.min.js]
[cleanuitemplate.com/package/assets/common/img/temp/mediatec.png]
[mediatec.org/index.html]
[www.google-analytics.com/analytics.js]
[mc.yandex.ru/metrika/watch.js]
[mc.yandex.ru/watch/37985025/1.gif]
[www.googleadservices.com/pagead/f.txt]
[cleanuitemplate.com/package/livepreview/index_material.html]
[cleanuitemplate.com/package/assets/vendors/bootstrap/dist/css/bootstrap.min.css]
[cleanuitemplate.com/package/assets/vendors/jscrollpane/style/jquery.jscrollpane.css]
[cleanuitemplate.com/package/assets/vendors/ladda/dist/ladda-themeless.min.css]
[cleanuitemplate.com/package/assets/vendors/select2/dist/css/select2.min.css]
[cleanuitemplate.com/package/assets/vendors/eonasdan-bootstrap-datetimepicker/build/css/bootstrap-datetimepicker.min.css]
[cleanuitemplate.com/package/assets/vendors/fullcalendar/dist/fullcalendar.min.css]
[cleanuitemplate.com/package/assets/vendors/cleanhtmlaudioplayer/src/player.css]
[cleanuitemplate.com/package/assets/vendors/cleanhtmlvideoplayer/src/player.css]
[cleanuitemplate.com/package/assets/vendors/bootstrap-sweetalert/dist/sweetalert.css]
[cleanuitemplate.com/package/assets/vendors/summernote/dist/font/summernotef534.eot]
[cleanuitemplate.com/package/assets/vendors/summernote/dist/font/summernoted41d.eot]
[cleanuitemplate.com/package/assets/vendors/summernote/dist/font/summernotef534.woff]
[cleanuitemplate.com/package/assets/vendors/summernote/dist/font/summernotef534.ttf]
[cleanuitemplate.com/package/assets/vendors/summernote/dist/summernote.css]
[cleanuitemplate.com/package/assets/vendors/owl.carousel/dist/assets/owl.video.play.png]
[cleanuitemplate.com/package/assets/vendors/owl.carousel/dist/assets/owl.carousel.min.css]
[cleanuitemplate.com/package/assets/vendors/ionrangeslider/css/ion.rangeSlider.css]
[cleanuitemplate.com/package/assets/vendors/datatables/media/css/dataTables.bootstrap4.min.css]
[cleanuitemplate.com/package/assets/vendors/c3/c3.min.css]
[cleanuitemplate.com/package/assets/vendors/chartist/dist/chartist.min.css]
[cleanuitemplate.com/package/assets/vendors/nprogress/nprogress.css]
[cleanuitemplate.com/package/assets/vendors/jquery-steps/demo/css/jquery.steps.css]
[cleanuitemplate.com/package/assets/vendors/bootstrap-select/dist/css/bootstrap-select.min.css]
[cleanuitemplate.com/package/assets/vendors/dropify/dist/css/dropify.min.css]
[cleanuitemplate.com/package/assets/common/css/source/helpers/fonts.css]
[cleanuitemplate.com/package/assets/common/css/source/helpers/typography.css]
[cleanuitemplate.com/package/assets/common/css/source/helpers/base.default.css]
[cleanuitemplate.com/package/assets/common/css/source/helpers/base.responsive.css]
[cleanuitemplate.com/package/assets/common/css/source/helpers/rtl.version.css]
[cleanuitemplate.com/package/assets/common/css/source/themes/theme-dark.css]
[cleanuitemplate.com/package/assets/common/css/source/themes/theme-blue.css]
[cleanuitemplate.com/package/assets/common/css/source/themes/theme-green.css]
[cleanuitemplate.com/package/assets/common/css/source/themes/theme-orange.css]
[cleanuitemplate.com/package/assets/common/css/source/themes/theme-red.css]
[cleanuitemplate.com/package/assets/common/css/source/themes/theme-inverse.css]
[cleanuitemplate.com/package/assets/common/css/source/forms/basic-form-elements.css]
[cleanuitemplate.com/package/assets/common/css/source/forms/buttons.css]
[cleanuitemplate.com/package/assets/common/css/source/forms/dropdowns.css]
[cleanuitemplate.com/package/assets/common/css/source/forms/checkboxes-radio.css]
[cleanuitemplate.com/package/assets/common/css/source/forms/form-validation.css]
[cleanuitemplate.com/package/assets/common/css/source/forms/selectboxes.css]
[cleanuitemplate.com/package/assets/common/css/source/forms/autocomplete.css]
[cleanuitemplate.com/package/assets/common/css/source/components/utilities.css]
[cleanuitemplate.com/package/assets/common/css/source/components/tables.css]
[cleanuitemplate.com/package/assets/common/css/source/components/steps.css]
[cleanuitemplate.com/package/assets/common/css/source/components/tooltips-popovers.css]
[cleanuitemplate.com/package/assets/common/css/source/components/modal.css]
[cleanuitemplate.com/package/assets/common/css/source/components/progress-bars.css]
[cleanuitemplate.com/package/assets/common/css/source/components/badges-labels.css]
[cleanuitemplate.com/package/assets/common/css/source/components/pagination.css]
[cleanuitemplate.com/package/assets/common/css/source/components/collapse.css]
[cleanuitemplate.com/package/assets/common/css/source/components/tabs.css]
[cleanuitemplate.com/package/assets/common/css/source/components/notifications-alerts.css]
[cleanuitemplate.com/package/assets/common/css/source/components/carousel.css]
[cleanuitemplate.com/package/assets/common/css/source/components/widgets.css]
[cleanuitemplate.com/package/assets/common/css/source/components/breadcrumbs.css]
[cleanuitemplate.com/package/assets/common/css/source/vendors/jscrollpane.css]
[cleanuitemplate.com/package/assets/common/css/source/vendors/select2.css]
[cleanuitemplate.com/package/assets/common/css/source/vendors/eonasdan-bootstrap-datetimepicker.css]
[cleanuitemplate.com/package/assets/common/css/source/vendors/fullcalendar.css]
[cleanuitemplate.com/package/assets/common/css/source/vendors/summernote.css]
[cleanuitemplate.com/package/assets/common/css/source/vendors/ionrangeslider.css]
[cleanuitemplate.com/package/assets/common/css/source/vendors/nestable.css]
[cleanuitemplate.com/package/assets/common/css/source/vendors/datatables-fixedcolumns.css]
[cleanuitemplate.com/package/assets/common/css/source/vendors/datatables-responsive.css]
[cleanuitemplate.com/package/assets/common/css/source/vendors/chartist.css]
[cleanuitemplate.com/package/assets/common/css/source/vendors/chartist-tooltip-plugin.css]
[cleanuitemplate.com/package/assets/common/css/source/vendors/nprogress.css]
[cleanuitemplate.com/package/assets/common/css/source/vendors/juqery-steps.css]
[cleanuitemplate.com/package/assets/common/css/source/vendors/bootstrap-select.css]
[cleanuitemplate.com/package/assets/common/css/source/pages/pricing-table.css]
[cleanuitemplate.com/package/assets/common/css/source/pages/ecommerce.css]
[cleanuitemplate.com/package/assets/common/css/source/apps/profile.css]
[cleanuitemplate.com/package/assets/common/css/source/apps/messaging.css]
[cleanuitemplate.com/package/assets/common/css/source/apps/mail.css]
[cleanuitemplate.com/package/assets/common/css/source/apps/calendar.css]
[cleanuitemplate.com/package/assets/common/css/source/main.css]
[cleanuitemplate.com/package/assets/common/css/source/apps/gallery.css]
[marketplace.envato.com/index6d16.html]
[mediatec.org/favicon.ico]
[mediatec.org/css/bootstrap.min.css]
[mediatec.org/css/style.css]
[mediatec.org/images/logo.jpg]
[mediatec.org/index-2.html]
[mediatec.org/images/works/etao.jpg]
[mediatec.org/images/works/sor.jpg]
[mediatec.org/images/works/musicbox.jpg]
[mediatec.org/images/works/logistx.jpg]
[mediatec.org/images/works/goflight.jpg]
[mediatec.org/images/hosting-basic.png]
[mediatec.org/images/hosting-power.png]
[mediatec.org/images/hosting-advanced.png]
[mediatec.org/disclaimer.html]
[mediatec.org/privacy-policy.html]
[mediatec.org/js/yepnope.1.5.4-min.js]
[mediatec.org/js/ismobile.js]
[mediatec.org/js/canvasloader.min.js]
[mediatec.org/js/bootstrap.min.js]
[mediatec.org/js/path.min.js]
[mediatec.org/js/scrollto.min.js]
[mediatec.org/js/waypoints.min.js]
[mc.yandex.ru/watch/38963530.gif]
[mediatec.org/index.html]
[mc.yandex.ru/metrika/watch.js]
[googleads.g.doubleclick.net/pagead/viewthroughconversion/961794956/indexa96a.html]
[cleanuitemplate.com/package/assets/common/css/source/helpers/fonts.css]
[cleanuitemplate.com/package/assets/common/css/source/helpers/typography.css]
[cleanuitemplate.com/package/assets/common/css/source/helpers/base.default.css]
[cleanuitemplate.com/package/assets/common/css/source/helpers/base.responsive.css]
[cleanuitemplate.com/package/assets/common/css/source/helpers/rtl.version.css]
[cleanuitemplate.com/package/assets/common/css/source/themes/theme-dark.css]
[cleanuitemplate.com/package/assets/common/css/source/themes/theme-blue.css]
[cleanuitemplate.com/package/assets/common/css/source/themes/theme-green.css]
[cleanuitemplate.com/package/assets/common/css/source/themes/theme-orange.css]
[cleanuitemplate.com/package/assets/common/css/source/themes/theme-red.css]
[cleanuitemplate.com/package/assets/common/css/source/themes/theme-inverse.css]
[cleanuitemplate.com/package/assets/common/css/source/forms/basic-form-elements.css]
[cleanuitemplate.com/package/assets/common/css/source/forms/buttons.css]
[cleanuitemplate.com/package/assets/common/css/source/forms/dropdowns.css]
[cleanuitemplate.com/package/assets/common/css/source/forms/checkboxes-radio.css]
[cleanuitemplate.com/package/assets/common/css/source/forms/form-validation.css]
[cleanuitemplate.com/package/assets/common/css/source/forms/selectboxes.css]
[cleanuitemplate.com/package/assets/common/css/source/forms/autocomplete.css]
[cleanuitemplate.com/package/assets/common/css/source/components/utilities.css]
[cleanuitemplate.com/package/assets/common/css/source/components/tables.css]
[cleanuitemplate.com/package/assets/common/css/source/components/steps.css]
[cleanuitemplate.com/package/assets/common/css/source/components/tooltips-popovers.css]
[cleanuitemplate.com/package/assets/common/css/source/components/modal.css]
[cleanuitemplate.com/package/assets/common/css/source/components/progress-bars.css]
[cleanuitemplate.com/package/assets/common/css/source/components/badges-labels.css]
[cleanuitemplate.com/package/assets/common/css/source/components/pagination.css]
[cleanuitemplate.com/package/assets/common/css/source/components/collapse.css]
[cleanuitemplate.com/package/assets/common/css/source/components/tabs.css]
[cleanuitemplate.com/package/assets/common/css/source/components/notifications-alerts.css]
[cleanuitemplate.com/package/assets/common/css/source/components/carousel.css]
[cleanuitemplate.com/package/assets/common/css/source/components/widgets.css]
[cleanuitemplate.com/package/assets/common/css/source/components/breadcrumbs.css]
[cleanuitemplate.com/package/assets/common/css/source/vendors/jscrollpane.css]
[cleanuitemplate.com/package/assets/common/css/source/vendors/select2.css]
[cleanuitemplate.com/package/assets/common/css/source/vendors/eonasdan-bootstrap-datetimepicker.css]
[cleanuitemplate.com/package/assets/common/css/source/vendors/fullcalendar.css]
[cleanuitemplate.com/package/assets/common/css/source/vendors/summernote.css]
[cleanuitemplate.com/package/assets/common/css/source/vendors/ionrangeslider.css]
[cleanuitemplate.com/package/assets/common/css/source/vendors/nestable.css]
[cleanuitemplate.com/package/assets/common/css/source/vendors/datatables-fixedcolumns.css]
[cleanuitemplate.com/package/assets/common/css/source/vendors/datatables-responsive.css]
[cleanuitemplate.com/package/assets/common/css/source/vendors/editable-table.css]
[cleanuitemplate.com/package/assets/common/css/source/vendors/chartist.css]
[cleanuitemplate.com/package/assets/common/css/source/vendors/chartist-tooltip-plugin.css]
[cleanuitemplate.com/package/assets/common/css/source/vendors/nprogress.css]
[cleanuitemplate.com/package/assets/common/css/source/vendors/juqery-steps.css]
[cleanuitemplate.com/package/assets/common/css/source/vendors/bootstrap-select.css]
[cleanuitemplate.com/package/assets/common/css/source/vendors/dropify.css]
[cleanuitemplate.com/package/assets/common/css/source/pages/pricing-table.css]
[cleanuitemplate.com/package/assets/common/css/source/pages/ecommerce.css]
[cleanuitemplate.com/package/assets/common/css/source/apps/profile.css]
[cleanuitemplate.com/package/assets/common/css/source/apps/messaging.css]
[cleanuitemplate.com/package/assets/common/css/source/apps/mail.css]
[cleanuitemplate.com/package/assets/common/css/source/apps/calendar.css]
[cleanuitemplate.com/package/assets/common/css/source/apps/gallery.css]
[mediatec.org/fonts/glyphicons-halflings-regular.eot]
[mediatec.org/fonts/glyphicons-halflings-regular.woff]
[mediatec.org/fonts/glyphicons-halflings-regulard41d.eot]
[mediatec.org/fonts/glyphicons-halflings-regular.ttf]
[mediatec.org/css/bootstrap.min.css]
[mediatec.org/images/arrow.png]
[mediatec.org/images/form.jpg]
[mediatec.org/images/up.png]
[mediatec.org/css/style.css]
[mediatec.org/index-2.html]
[mediatec.org/disclaimer.html]
[mediatec.org/privacy-policy.html]
[cleanuitemplate.com/package/livepreview/get.html]
[cleanuitemplate.com/package/livepreview/path=/index.html]
[mc.yandex.ru/metrika/watch_match.html]
[mediatec.org/fonts/glyphicons-halflings-regular.svg]
