[www.templatemonster.com/pt-br/demo/58393.html]
[backblue.gif]
[fade.gif]
[index.html]
[s.tmimgcdn.com/img/logo-touch/favicon-16x165449.png]
[s.tmimgcdn.com/img/logo-touch/favicon-32x325449.png]
[s.tmimgcdn.com/img/logo-touch/favicon-96x965449.png]
[s.tmimgcdn.com/img/logo-touch/android-chrome-365449.png]
[s.tmimgcdn.com/img/logo-touch/android-chrome-485449.png]
[s.tmimgcdn.com/img/logo-touch/android-chrome-725449.png]
[s.tmimgcdn.com/img/logo-touch/android-chrome-965449.png]
[s.tmimgcdn.com/img/logo-touch/android-chrome-1445449.png]
[s.tmimgcdn.com/img/logo-touch/android-chrome-1925449.png]
[s.tmimgcdn.com/img/logo-touch/apple-touch-icon-precomposed5449.png]
[s.tmimgcdn.com/img/logo-touch/apple-touch-icon-1805449.png]
[s.tmimgcdn.com/img/logo-touch/apple-touch-icon-1525449.png]
[s.tmimgcdn.com/img/logo-touch/apple-touch-icon-1445449.png]
[s.tmimgcdn.com/img/logo-touch/apple-touch-icon-1205449.png]
[s.tmimgcdn.com/img/logo-touch/apple-touch-icon-1145449.png]
[s.tmimgcdn.com/img/logo-touch/apple-touch-icon-765449.png]
[s.tmimgcdn.com/img/logo-touch/apple-touch-icon-725449.png]
[s.tmimgcdn.com/img/logo-touch/apple-touch-icon-605449.png]
[s.tmimgcdn.com/img/logo-touch/apple-touch-icon-575449.png]
[s.tmimgcdn.com/css/standalone/livedemo835e.css]
[s.tmimgcdn.com/css/owl.carousel835e.css]
[s.tmimgcdn.com/css/owl.theme835e.css]
[www.templatemonster.com/js/config.js]
[www.templatemonster.com/pt-br/demo/58393.html]
[s.tmimgcdn.com/js/varnish.compiled.application.ptd4e6.js]
[s.tmimgcdn.com/css/font.css]
[s.tmimgcdn.com/css/standalone/livedemo835e.css]
[s.tmimgcdn.com/css/owl.carousel835e.css]
[s.tmimgcdn.com/css/bootstrap.css]
[s.tmimgcdn.com/img/small-spinner.gif]
[s.tmimgcdn.com/css/owl.theme835e.css]
[www.googletagmanager.com/gtm5445.html]
[www.templatemonster.com/js/config.js]
[www.templatemonster.com/pt-br/demo/typeahead.js]
[apis.google.com/js/plusone.js]
[platform.twitter.com/widgets.js]
[platform.linkedin.com/in.js]
[platform.stumbleupon.com/1/widgets.js]
[assets.pinterest.com/js/pinit.js]
[www.templatemonster.com/pt-br/demo/index.html]
[www.templatemonster.com/img/progress.gif]
[www.templatemonster.com/img/tiny_spinner.gif]
[www.templatemonster.com/js/tm/broadcast-translates.js]
[www.templatemonster.com/css/svg-icons835e.css]
[www.templatemonster.com/pt-br/demo/firefox/index.html]
[www.templatemonster.com/pt-br/demo/a/index.html]
[s.tmimgcdn.com/js/varnish.compiled.application.ptd4e6.js]
[s.tmimgcdn.com/css/font.css]
[s.tmimgcdn.com/css/bootstrap.css]
[www.templatemonster.com/pt-br/demo/typeahead.html]
[widgets.digg.com/buttons.html]
[www.templatemonster.com/pt-br/demo/index.html]
[www.templatemonster.com/pt-br/demo/arguments.caller not defined.  goog.base() cannot be used with strict mode code. See http_/www.ecma-international.org/ecma-262/5.1/index.html]
[www.templatemonster.com/pt-br/demo/safari/index.html]
[www.templatemonster.com/pt-br/demo/gecko/index.html]
[www.templatemonster.com/pt-br/demo/mozilla/index.html]
[www.templatemonster.com/css/svg-icons835e.css]
[www.templatemonster.com/pt-br/demo/firefox/index.html]
[www.templatemonster.com/pt-br/demo/a/index.html]
[www.templatemonster.com/pt-br/demo/gecko/index.html]
[www.templatemonster.com/pt-br/demo/safari/index.html]
[www.templatemonster.com/pt-br/demo/mozilla/index.html]
[www.templatemonster.com/pt-br/demo/lc-board-type-consultant/index.html]
